
12:55:52.519 [info] Loading 156 CA(s) from :otp store

12:55:52.836 id=0 [debug] handled request client -> server initialize in 88ms

12:55:52.840 [debug] sent notification server -> client window/logMessage

12:55:52.842 [debug] NextLS v0.23.3 has initialized!

12:55:52.842 [debug] sent notification server -> client window/logMessage

12:55:52.842 [debug] Log file located at /Users/simon/Dropbox/hal/lib/hal/.elixir-tools/next-ls.log

12:55:52.843 [debug] sent notification server -> client window/logMessage

12:55:52.843 [info] [extension] Credo initializing with options %NextLS.InitOpts.Extensions.Credo{enable: true, cli_options: []}

12:55:52.843 id=35 [debug] sent request server -> client client/registerCapability

12:55:53.046 [debug] handled notification client -> server initialized in 208ms

12:55:53.046 [debug] sent notification server -> client window/logMessage

12:55:53.046 [warning] Failed to unzip and install the bundled Elixir archive.

** (MatchError) no match of right hand side value: {"", 126}
    (next_ls 0.23.3) lib/next_ls/runtime/bundled_elixir.ex:55: NextLS.Runtime.BundledElixir.install/2
    (next_ls 0.23.3) lib/next_ls.ex:874: NextLS.handle_notification/2
    (gen_lsp 0.10.0) lib/gen_lsp.ex:478: anonymous fn/2 in GenLSP.loop/3
    (telemetry 1.2.1) /Users/runner/work/next-ls/next-ls/deps/telemetry/src/telemetry.erl:321: :telemetry.span/3
    (gen_lsp 0.10.0) lib/gen_lsp.ex:474: anonymous fn/7 in GenLSP.loop/3
    (gen_lsp 0.10.0) lib/gen_lsp.ex:553: GenLSP.attempt/4
    (stdlib 6.2) proc_lib.erl:329: :proc_lib.init_p_do_apply/3



12:55:53.046 [debug] sent notification server -> client window/logMessage

12:55:53.046 [debug] Booting runtimes...

12:55:53.047 [debug] handled notification client -> server workspace/didChangeConfiguration in 1ms

12:55:53.050 [debug] sent notification server -> client window/logMessage

12:55:53.050 [debug] Adding workspace folder 

12:55:53.053 id=6 [debug] sent request server -> client window/workDoneProgress/create

12:55:53.059 [debug] sent notification server -> client $/progress

12:55:53.063 [error] ** (MatchError) no match of right hand side value: {:error, {%File.Error{reason: :enotdir, path: "/Users/simon/Dropbox/hal/lib/hal/rs485.ex/.elixir-tools", action: "make directory (with -p)"}, [{File, :mkdir_p!, 1, [file: ~c"lib/file.ex", line: 346]}, {NextLS.Runtime.Supervisor, :init, 1, [file: ~c"lib/next_ls/runtime/supervisor.ex", line: 18]}, {:supervisor, :init, 1, [file: ~c"supervisor.erl", line: 869]}, {:gen_server, :init_it, 2, [file: ~c"gen_server.erl", line: 2229]}, {:gen_server, :init_it, 6, [file: ~c"gen_server.erl", line: 2184]}, {:proc_lib, :init_p_do_apply, 3, [file: ~c"proc_lib.erl", line: 329]}]}}
    (next_ls 0.23.3) lib/next_ls.ex:1027: anonymous fn/4 in NextLS.handle_notification/2
    (elixir 1.17.3) lib/enum.ex:2531: Enum."-reduce/3-lists^foldl/2-0-"/3
    (next_ls 0.23.3) lib/next_ls.ex:1020: anonymous fn/4 in NextLS.handle_notification/2
    (next_ls 0.23.3) lib/next_ls.ex:1017: NextLS.handle_notification/2
    (gen_lsp 0.10.0) lib/gen_lsp.ex:478: anonymous fn/2 in GenLSP.loop/3
    (telemetry 1.2.1) /Users/runner/work/next-ls/next-ls/deps/telemetry/src/telemetry.erl:321: :telemetry.span/3
    (gen_lsp 0.10.0) lib/gen_lsp.ex:474: anonymous fn/7 in GenLSP.loop/3
    (gen_lsp 0.10.0) lib/gen_lsp.ex:553: GenLSP.attempt/4


12:55:53.063 [debug] sent notification server -> client window/logMessage

12:55:53.065 [debug] handled notification client -> server textDocument/didOpen in 2ms

12:56:19.130 id=2 [debug] handled request client -> server textDocument/hover in 1008ms

12:56:19.132 [debug] handled notification client -> server $/cancelRequest in 1ms
